1.指令出错时client没有输出